// Jest Snapshot v1, https://goo.gl/fbAQLP

exports[`<TextLabel /> renders correctly 1`] = `
<View
  style={
    Array [
      Object {
        "alignItems": "center",
        "display": "flex",
        "justifyContent": "center",
        "width": "100%",
      },
      "",
    ]
  }
>
  <Text
    style={
      Array [
        Object {
          "color": "#eccc68",
          "fontFamily": "montserrat",
          "fontSize": 12,
          "fontWeight": "600",
          "textTransform": "uppercase",
        },
        "",
      ]
    }
  >
    
  </Text>
</View>
`;
