// Jest Snapshot v1, https://goo.gl/fbAQLP

exports[`<HomeScreen /> renders correctly 1`] = `
<View
  style={
    Object {
      "alignItems": "center",
      "backgroundColor": "#F4C3C2",
      "color": "#ffffff",
      "flex": 1,
      "flexDirection": "column",
      "justifyContent": "flex-start",
    }
  }
>
  <View
    style={
      Object {
        "alignItems": "center",
        "flex": 1,
        "flexDirection": "column",
        "height": "60%",
        "justifyContent": "center",
        "width": "100%",
      }
    }
  >
    <Image
      resizeMode="contain"
      source={1}
      style={
        Object {
          "height": "80%",
          "width": "80%",
        }
      }
    />
  </View>
  <View
    style={
      Object {
        "alignItems": "center",
        "display": "flex",
        "flexDirection": "column",
        "height": "40%",
        "justifyContent": "flex-start",
        "width": "100%",
      }
    }
  >
    <Text
      style={
        Object {
          "color": "#2f3542",
          "fontFamily": "montserrat",
          "padding": 30,
          "textAlign": "justify",
          "width": "100%",
        }
      }
    >
      This is a simple app, to check the Coinbase Market Information.
    </Text>
  </View>
</View>
`;
